EN procesadormonocicloimmediatos NULL /home/yengomez/Documents/procesadorImmediatos/procesadorMonocicloImmediatos.vhd sub00/vhpl16 1461876959
EN seu NULL /home/yengomez/Documents/procesadorImmediatos/seu.vhd sub00/vhpl12 1461876955
AR sumador arq_sumador /home/yengomez/Documents/procesadorImmediatos/sumador.vhd sub00/vhpl01 1461876944
EN nextprogcounter NULL /home/yengomez/Documents/procesadorImmediatos/nextProgCounter.vhd sub00/vhpl02 1461876945
AR alu arq_alu /home/yengomez/Documents/procesadorImmediatos/alu.vhd sub00/vhpl15 1461876958
AR seu arq_seu /home/yengomez/Documents/procesadorImmediatos/seu.vhd sub00/vhpl13 1461876956
EN registerfile NULL /home/yengomez/Documents/procesadorImmediatos/registerFile.vhd sub00/vhpl08 1461876951
AR mux arq_mux /home/yengomez/Documents/procesadorImmediatos/mux.vhd sub00/vhpl11 1461876954
AR nextprogcounter arq_nextprogcounter /home/yengomez/Documents/procesadorImmediatos/nextProgCounter.vhd sub00/vhpl03 1461876946
AR procesadormonocicloimmediatos arq_procesadormonocicloimmediatos /home/yengomez/Documents/procesadorImmediatos/procesadorMonocicloImmediatos.vhd sub00/vhpl17 1461876960
AR unidadcontrol arq_unidadcontrol /home/yengomez/Documents/procesadorImmediatos/unidadControl.vhd sub00/vhpl07 1461876950
AR memoriainstrucciones arq_memoriainstrucciones /home/yengomez/Documents/procesadorImmediatos/memoriaInstrucciones.vhd sub00/vhpl05 1461877917
EN unidadcontrol NULL /home/yengomez/Documents/procesadorImmediatos/unidadControl.vhd sub00/vhpl06 1461876949
EN mux NULL /home/yengomez/Documents/procesadorImmediatos/mux.vhd sub00/vhpl10 1461876953
EN memoriainstrucciones NULL /home/yengomez/Documents/procesadorImmediatos/memoriaInstrucciones.vhd sub00/vhpl04 1461877916
EN sumador NULL /home/yengomez/Documents/procesadorImmediatos/sumador.vhd sub00/vhpl00 1461876943
AR registerfile arq_registerfile /home/yengomez/Documents/procesadorImmediatos/registerFile.vhd sub00/vhpl09 1461876952
EN alu NULL /home/yengomez/Documents/procesadorImmediatos/alu.vhd sub00/vhpl14 1461876957
