V3 35
FL /home/yengomez/Documents/procesadorImmediatos/alu.vhd 2016/04/18.22:45:46 P.20131013
EN work/alu 1461876957 FL /home/yengomez/Documents/procesadorImmediatos/alu.vhd \
      PB ieee/std_logic_1164 1381692176 PB ieee/STD_LOGIC_UNSIGNED 1381692179
AR work/alu/arq_Alu 1461876958 \
      FL /home/yengomez/Documents/procesadorImmediatos/alu.vhd EN work/alu 1461876957
FL /home/yengomez/Documents/procesadorImmediatos/memoriaInstrucciones.vhd 2016/04/18.15:05:12 P.20131013
EN work/memoriaInstrucciones 1461877916 \
      FL /home/yengomez/Documents/procesadorImmediatos/memoriaInstrucciones.vhd \
      PB ieee/std_logic_1164 1381692176 PB ieee/STD_LOGIC_UNSIGNED 1381692179 \
      PB std/TEXTIO 1381692176
AR work/memoriaInstrucciones/arq_memoriaInstrucciones 1461877917 \
      FL /home/yengomez/Documents/procesadorImmediatos/memoriaInstrucciones.vhd \
      EN work/memoriaInstrucciones 1461877916
FL /home/yengomez/Documents/procesadorImmediatos/mux.vhd 2016/04/18.17:53:49 P.20131013
EN work/mux 1461876953 FL /home/yengomez/Documents/procesadorImmediatos/mux.vhd \
      PB ieee/std_logic_1164 1381692176
AR work/mux/arq_mux 1461876954 \
      FL /home/yengomez/Documents/procesadorImmediatos/mux.vhd EN work/mux 1461876953
FL /home/yengomez/Documents/procesadorImmediatos/nextProgCounter.vhd 2016/04/18.10:58:48 P.20131013
EN work/nextProgCounter 1461876945 \
      FL /home/yengomez/Documents/procesadorImmediatos/nextProgCounter.vhd \
      PB ieee/std_logic_1164 1381692176
AR work/nextProgCounter/arq_nextProgCounter 1461876946 \
      FL /home/yengomez/Documents/procesadorImmediatos/nextProgCounter.vhd \
      EN work/nextProgCounter 1461876945
FL /home/yengomez/Documents/procesadorImmediatos/procesadorMonocicloImmediatos.vhd 2016/04/28.15:48:11 P.20131013
EN work/procesadorMonocicloImmediatos 1461876959 \
      FL /home/yengomez/Documents/procesadorImmediatos/procesadorMonocicloImmediatos.vhd \
      PB ieee/std_logic_1164 1381692176
AR work/procesadorMonocicloImmediatos/arq_procesadorMonocicloImmediatos 1461876960 \
      FL /home/yengomez/Documents/procesadorImmediatos/procesadorMonocicloImmediatos.vhd \
      EN work/procesadorMonocicloImmediatos 1461876959 CP sumador \
      CP nextProgCounter CP memoriaInstrucciones CP unidadControl CP registerFile \
      CP mux CP seu CP alu
FL /home/yengomez/Documents/procesadorImmediatos/registerFile.vhd 2016/04/24.18:15:59 P.20131013
EN work/registerFile 1461876951 \
      FL /home/yengomez/Documents/procesadorImmediatos/registerFile.vhd \
      PB ieee/std_logic_1164 1381692176 PB ieee/STD_LOGIC_UNSIGNED 1381692179
AR work/registerFile/arq_registerfile 1461876952 \
      FL /home/yengomez/Documents/procesadorImmediatos/registerFile.vhd \
      EN work/registerFile 1461876951
FL /home/yengomez/Documents/procesadorImmediatos/seu.vhd 2016/04/18.17:34:07 P.20131013
EN work/seu 1461876955 FL /home/yengomez/Documents/procesadorImmediatos/seu.vhd \
      PB ieee/std_logic_1164 1381692176 PB ieee/STD_LOGIC_UNSIGNED 1381692179
AR work/seu/arq_seu 1461876956 \
      FL /home/yengomez/Documents/procesadorImmediatos/seu.vhd EN work/seu 1461876955
FL /home/yengomez/Documents/procesadorImmediatos/sumador.vhd 2016/04/18.11:55:38 P.20131013
EN work/sumador 1461876943 \
      FL /home/yengomez/Documents/procesadorImmediatos/sumador.vhd \
      PB ieee/std_logic_1164 1381692176 PB ieee/STD_LOGIC_UNSIGNED 1381692179
AR work/sumador/arq_sumador 1461876944 \
      FL /home/yengomez/Documents/procesadorImmediatos/sumador.vhd \
      EN work/sumador 1461876943
FL /home/yengomez/Documents/procesadorImmediatos/unidadControl.vhd 2016/04/18.16:56:15 P.20131013
EN work/unidadControl 1461876949 \
      FL /home/yengomez/Documents/procesadorImmediatos/unidadControl.vhd \
      PB ieee/std_logic_1164 1381692176
AR work/unidadControl/arq_unidadControl 1461876950 \
      FL /home/yengomez/Documents/procesadorImmediatos/unidadControl.vhd \
      EN work/unidadControl 1461876949
